
Running 18 tests using 2 workers

  Γ£ô   1 [Desktop Chrome] ΓÇ║ tests\login.spec.ts:60:7 ΓÇ║ Login ΓÇô Form Validation ΓÇ║ Should have a link to forgot password page (4.3s)
  Γ£ô   2 [Desktop Chrome] ΓÇ║ tests\login.spec.ts:46:7 ΓÇ║ Login ΓÇô Form Validation ΓÇ║ Submit button is disabled when required fields are empty (4.4s)
